[www.drozd.at/kaufen/index.html]
[backblue.gif]
[fade.gif]
[index.html]
[www.drozd.at/kaufen/images/favicon.png]
[www.drozd.at/kaufen/css/bootstrap.min.css]
[www.drozd.at/kaufen/css/owl.theme.default.min.css]
[www.drozd.at/kaufen/css/owl.carousel.min.css]
[www.drozd.at/kaufen/css/main.css]
[www.drozd.at/kaufen/css/slick.css]
[www.drozd.at/kaufen/css/fontawesome.min.css]
[www.drozd.at/kaufen/css/jquery.fancybox.css]
[www.drozd.at/kaufen/css/magnific-popup.css]
[www.drozd.at/kaufen/contact.html]
[www.drozd.at/kaufen/images/logo.png]
[www.drozd.at/kaufen/index2.html]
[www.drozd.at/kaufen/index3.html]
[www.drozd.at/kaufen/index4.html]
[www.drozd.at/kaufen/index5.html]
[www.drozd.at/kaufen/services.html]
[www.drozd.at/kaufen/courses.html]
[www.drozd.at/kaufen/course-detail.html]
[www.drozd.at/kaufen/course-detail-style2.html]
[www.drozd.at/kaufen/events.html]
[www.drozd.at/kaufen/blog.html]
[www.drozd.at/kaufen/contact2.html]
[www.drozd.at/kaufen/contact3.html]
[www.drozd.at/kaufen/images/content/courses/course-1.jpg]
[www.drozd.at/kaufen/images/content/courses/author1.jpg]
[www.drozd.at/kaufen/images/content/courses/course-2.jpg]
[www.drozd.at/kaufen/images/content/courses/author2.jpg]
[www.drozd.at/kaufen/images/content/courses/course-3.jpg]
[www.drozd.at/kaufen/images/content/courses/author3.jpg]
[www.drozd.at/kaufen/images/content/team/1.jpg]
[www.drozd.at/kaufen/images/content/team/2.jpg]
[www.drozd.at/kaufen/images/content/team/3.jpg]
[www.drozd.at/kaufen/images/content/team/4.jpg]
[www.drozd.at/kaufen/images/content/landing/instructor.png]
[www.drozd.at/kaufen/images/content/landing/video-overlay.jpg]
[www.drozd.at/kaufen/video/video-4.webm]
[www.drozd.at/kaufen/video/video-4.mp4]
[www.drozd.at/kaufen/images/content/students/1.jpg]
[www.drozd.at/kaufen/images/content/students/2.jpg]
[www.drozd.at/kaufen/images/content/students/3.jpg]
[www.drozd.at/kaufen/blog-detail.html]
[www.drozd.at/kaufen/images/content/blog/blog-1.jpg]
[www.drozd.at/kaufen/images/content/blog/blog-2.jpg]
[www.drozd.at/kaufen/images/content/blog/blog-3.jpg]
[www.drozd.at/kaufen/event-detail.html]
[www.drozd.at/kaufen/images/content/events/1.jpg]
[www.drozd.at/kaufen/images/content/events/2.jpg]
[www.drozd.at/kaufen/js/jquery-3.4.1.min.js]
[www.drozd.at/kaufen/js/main.js]
[www.drozd.at/kaufen/js/bootstrap.min.js]
[www.drozd.at/kaufen/js/slick.min.js]
[www.drozd.at/kaufen/js/jquery.fancybox.pack.js]
[www.drozd.at/kaufen/js/jquery.magnific-popup.min.js]
[www.drozd.at/kaufen/js/waypoints.min.js]
[www.drozd.at/kaufen/js/jquery.counterup.min.js]
[www.drozd.at/kaufen/js/owl.carousel.min.js]
[www.drozd.at/kaufen/js/typed.min.js]
[www.drozd.at/kaufen/index.html]
[www.drozd.at/kaufen/css/bootstrap.min.css]
[www.drozd.at/kaufen/css/owl.theme.default.min.css]
[www.drozd.at/kaufen/css/owl.carousel.min.css]
[www.drozd.at/kaufen/fonts/Jost/Jost-300-Light.woff]
[www.drozd.at/kaufen/fonts/Jost/Jost-400-Book.woff]
[www.drozd.at/kaufen/fonts/Jost/Jost-500-Medium.woff]
[www.drozd.at/kaufen/fonts/Jost/Jost-700-Bold.woff]
[www.drozd.at/kaufen/images/content/breadcrumb/university.jpg]
[www.drozd.at/kaufen/images/content/landing/slider3.jpg]
[www.drozd.at/kaufen/images/content/slider/slider2.jpg]
[www.drozd.at/kaufen/images/content/slider/slider3.jpg]
[www.drozd.at/kaufen/images/content/slider/slider4.jpg]
[www.drozd.at/kaufen/images/content/slider/slider5.jpg]
[www.drozd.at/kaufen/images/content/slider/slider6.jpg]
[www.drozd.at/kaufen/images/content/slider/slider7.jpg]
[www.drozd.at/kaufen/images/content/slider/slider9.jpg]
[www.drozd.at/kaufen/images/content/landing/about.jpg]
[www.drozd.at/kaufen/images/content/breadcrumb/home2-about.jpg]
[www.drozd.at/kaufen/images/content/landing/about2.jpg]
[www.drozd.at/kaufen/images/content/landing/about3.jpg]
[www.drozd.at/kaufen/images/content/landing/man.jpg]
[www.drozd.at/kaufen/images/content/landing/two-person-learning.jpg]
[www.drozd.at/kaufen/images/content/breadcrumb/contact.jpg]
[www.drozd.at/kaufen/images/content/courses/detail.jpg]
[www.drozd.at/kaufen/images/content/courses/detail2.jpg]
[www.drozd.at/kaufen/images/content/courses/detail-whyus.jpg]
[www.drozd.at/kaufen/images/content/breadcrumb/services.jpg]
[www.drozd.at/kaufen/images/content/breadcrumb/events.jpg]
[www.drozd.at/kaufen/images/content/breadcrumb/event-detail.jpg]
[www.drozd.at/kaufen/images/content/breadcrumb/courses.jpg]
[www.drozd.at/kaufen/images/content/breadcrumb/blog-detail.jpg]
[www.drozd.at/kaufen/css/main.css]
[www.drozd.at/kaufen/images/loading.gif]
[www.drozd.at/kaufen/fonts/slick.eot]
[www.drozd.at/kaufen/fonts/slick-.eot]
[www.drozd.at/kaufen/fonts/slick.woff]
[www.drozd.at/kaufen/fonts/slick.ttf]
[www.drozd.at/kaufen/css/slick.css]
[www.drozd.at/kaufen/webfonts/fa-brands-400.eot]
[www.drozd.at/kaufen/webfonts/fa-brands-400d41d.eot]
[www.drozd.at/kaufen/webfonts/fa-brands-400.woff2]
[www.drozd.at/kaufen/webfonts/fa-brands-400.woff]
[www.drozd.at/kaufen/webfonts/fa-brands-400.ttf]
[www.drozd.at/kaufen/webfonts/fa-regular-400.eot]
[www.drozd.at/kaufen/webfonts/fa-regular-400d41d.eot]
[www.drozd.at/kaufen/webfonts/fa-regular-400.woff2]
[www.drozd.at/kaufen/webfonts/fa-regular-400.woff]
[www.drozd.at/kaufen/webfonts/fa-regular-400.ttf]
[www.drozd.at/kaufen/webfonts/fa-solid-900.eot]
[www.drozd.at/kaufen/webfonts/fa-solid-900d41d.eot]
[www.drozd.at/kaufen/webfonts/fa-solid-900.woff2]
[www.drozd.at/kaufen/webfonts/fa-solid-900.woff]
[www.drozd.at/kaufen/webfonts/fa-solid-900.ttf]
[www.drozd.at/kaufen/css/fontawesome.min.css]
[www.drozd.at/kaufen/images/fancybox_sprite.png]
[www.drozd.at/kaufen/images/fancybox_loading.gif]
[www.drozd.at/kaufen/images/fancybox_blank.gif]
[www.drozd.at/kaufen/images/fancybox_overlay.png]
[www.drozd.at/kaufen/images/fancybox_sprite@2x.png]
[www.drozd.at/kaufen/images/fancybox_loading@2x.gif]
[www.drozd.at/kaufen/css/jquery.fancybox.css]
[www.drozd.at/kaufen/css/magnific-popup.css]
[www.drozd.at/kaufen/images/content/courses/contact.png]
[www.drozd.at/kaufen/contact.html]
[www.drozd.at/kaufen/images/content/landing/digital-brands.jpg]
[www.drozd.at/kaufen/index2.html]
[www.drozd.at/kaufen/images/logo-white-light.png]
[www.drozd.at/kaufen/images/content/landing/index3-about.jpg]
[www.drozd.at/kaufen/index3.html]
[www.drozd.at/kaufen/images/content/landing/digital-brands2.jpg]
[www.drozd.at/kaufen/index4.html]
[www.drozd.at/kaufen/index5.html]
[www.drozd.at/kaufen/services.html]
[www.drozd.at/kaufen/images/content/courses/course-5.jpg]
[www.drozd.at/kaufen/images/content/courses/course-4.jpg]
[www.drozd.at/kaufen/images/content/courses/course-6.jpg]
[www.drozd.at/kaufen/courses.html]
[www.drozd.at/kaufen/course-detail.html]
[www.drozd.at/kaufen/course-detail-style2.html]
[www.drozd.at/kaufen/events.html]
[www.drozd.at/kaufen/blog.html]
[www.drozd.at/kaufen/contact2.html]
[www.drozd.at/kaufen/contact3.html]
[www.drozd.at/kaufen/blog-detail.html]
[www.drozd.at/kaufen/event-detail.html]
[www.drozd.at/kaufen/css/owl.video.play.html]
[www.drozd.at/kaufen/images/cd-top-arrow.svg]
[www.drozd.at/kaufen/images/content/slider/slider8.html]
[www.drozd.at/kaufen/images/base-header-slider.html]
[www.drozd.at/kaufen/images/carousel-slider-arrow-prev.html]
[www.drozd.at/kaufen/images/carousel-slider-arrow-next.html]
[www.drozd.at/kaufen/fonts/slick.svg]
[www.drozd.at/kaufen/webfonts/fa-brands-400.svg]
[www.drozd.at/kaufen/webfonts/fa-regular-400.svg]
[www.drozd.at/kaufen/webfonts/fa-solid-900.svg]
[www.drozd.at/kaufen/course-detail2.html]
